This is pdfTeX, Version 3.14159265-2.6-1.40.20 (TeX Live 2019/Debian) (preloaded format=pdflatex 2022.1.22)  22 JAN 2022 14:48
entering extended mode
 restricted \write18 enabled.
 file:line:error style messages enabled.
 %&-line parsing enabled.
**test.tex
(./test.tex
LaTeX2e <2020-02-02> patch level 2
L3 programming layer <2020-02-14>

! LaTeX Error: File `../classes/ifscarticle.cls' not found.

Type X to quit or <RETURN> to proceed,
or enter new name. (Default extension: cls)

Enter file name: 
./test.tex:2: Emergency stop.
<read *> 
         
l.2 \usepackage
               {../classes/ifscutils}^^M
*** (cannot \read from terminal in nonstop modes)

 
Here is how much of TeX's memory you used:
 23 strings out of 483183
 520 string characters out of 5966292
 231602 words of memory out of 5000000
 15137 multiletter control sequences out of 15000+600000
 532338 words of font info for 24 fonts, out of 8000000 for 9000
 14 hyphenation exceptions out of 8191
 14i,0n,17p,84b,10s stack positions out of 5000i,500n,10000p,200000b,80000s
./test.tex:2:  ==> Fatal error occurred, no output PDF file produced!
